// Jest Snapshot v1, https://goo.gl/fbAQLP

exports[`Navbar Component Snapshot Test renders correctly 1`] = `
<DocumentFragment>
  <header
    class="MuiPaper-root MuiPaper-elevation MuiPaper-elevation4 MuiAppBar-root MuiAppBar-colorPrimary MuiAppBar-positionStatic css-1ezlszh-MuiPaper-root-MuiAppBar-root"
    style="--Paper-shadow: 0px 2px 4px -1px rgba(0,0,0,0.2),0px 4px 5px 0px rgba(0,0,0,0.14),0px 1px 10px 0px rgba(0,0,0,0.12);"
  >
    <div
      class="MuiToolbar-root MuiToolbar-gutters MuiToolbar-regular css-95f9g5-MuiToolbar-root"
    >
      <h6
        class="MuiTypography-root MuiTypography-h6 css-173147z-MuiTypography-root"
      >
        <a
          href="/"
        />
        <a
          style="color: white; text-decoration: none; font-weight: bold;"
        >
          Crypto Portfolio Tracker
        </a>
      </h6>
      <div
        class="MuiBox-root css-0"
      >
        <a
          href="/dashboard"
        >
          <button
            class="MuiButtonBase-root MuiButton-root MuiButton-text MuiButton-textInherit MuiButton-sizeMedium MuiButton-textSizeMedium MuiButton-colorInherit MuiButton-root MuiButton-text MuiButton-textInherit MuiButton-sizeMedium MuiButton-textSizeMedium MuiButton-colorInherit css-18ulbdb-MuiButtonBase-root-MuiButton-root"
            tabindex="0"
            type="button"
          >
            Dashboard
          </button>
        </a>
      </div>
    </div>
  </header>
</DocumentFragment>
`;
