// Jest Snapshot v1, https://goo.gl/fbAQLP

exports[`TransactionHistory Component Snapshot Test renders correctly with transactions 1`] = `
<DocumentFragment>
  <div
    class="MuiBox-root css-wm8cac"
  >
    <h5
      class="MuiTypography-root MuiTypography-h5 css-1ffs2s2-MuiTypography-root"
    >
      Transaction History
    </h5>
    <div
      class="MuiPaper-root MuiPaper-elevation MuiPaper-rounded MuiPaper-elevation3 MuiTableContainer-root css-1kucasm-MuiPaper-root-MuiTableContainer-root"
      style="--Paper-shadow: 0px 3px 3px -2px rgba(0,0,0,0.2),0px 3px 4px 0px rgba(0,0,0,0.14),0px 1px 8px 0px rgba(0,0,0,0.12);"
    >
      <table
        class="MuiTable-root css-rqglhn-MuiTable-root"
      >
        <thead
          class="MuiTableHead-root css-15wwp11-MuiTableHead-root"
        >
          <tr
            class="MuiTableRow-root MuiTableRow-head css-1q1u3t4-MuiTableRow-root"
          >
            <th
              class="MuiTableCell-root MuiTableCell-head MuiTableCell-sizeMedium css-1t7lzbz-MuiTableCell-root"
              scope="col"
            >
              Coin
            </th>
            <th
              class="MuiTableCell-root MuiTableCell-head MuiTableCell-sizeMedium css-1t7lzbz-MuiTableCell-root"
              scope="col"
            >
              Amount
            </th>
            <th
              class="MuiTableCell-root MuiTableCell-head MuiTableCell-sizeMedium css-1t7lzbz-MuiTableCell-root"
              scope="col"
            >
              Transaction Type
            </th>
            <th
              class="MuiTableCell-root MuiTableCell-head MuiTableCell-sizeMedium css-1t7lzbz-MuiTableCell-root"
              scope="col"
            >
              Transaction Price (USD)
            </th>
            <th
              class="MuiTableCell-root MuiTableCell-head MuiTableCell-sizeMedium css-1t7lzbz-MuiTableCell-root"
              scope="col"
            >
              Current Price (USD)
            </th>
            <th
              class="MuiTableCell-root MuiTableCell-head MuiTableCell-sizeMedium css-1t7lzbz-MuiTableCell-root"
              scope="col"
            >
              Date
            </th>
          </tr>
        </thead>
        <tbody
          class="MuiTableBody-root css-apqrd9-MuiTableBody-root"
        >
          <tr
            class="MuiTableRow-root css-jhdmo8-MuiTableRow-root"
          >
            <td
              class="MuiTableCell-root MuiTableCell-body MuiTableCell-sizeMedium css-10ukr6t-MuiTableCell-root"
            >
              Bitcoin
            </td>
            <td
              class="MuiTableCell-root MuiTableCell-body MuiTableCell-sizeMedium css-10ukr6t-MuiTableCell-root"
            >
              2
            </td>
            <td
              class="MuiTableCell-root MuiTableCell-body MuiTableCell-sizeMedium css-10ukr6t-MuiTableCell-root"
            >
              <p
                class="MuiTypography-root MuiTypography-body1 css-8lvigo-MuiTypography-root"
              >
                Buy
              </p>
            </td>
            <td
              class="MuiTableCell-root MuiTableCell-body MuiTableCell-sizeMedium css-10ukr6t-MuiTableCell-root"
            >
              $50000.00
            </td>
            <td
              class="MuiTableCell-root MuiTableCell-body MuiTableCell-sizeMedium css-10ukr6t-MuiTableCell-root"
            >
              N/A
            </td>
            <td
              class="MuiTableCell-root MuiTableCell-body MuiTableCell-sizeMedium css-10ukr6t-MuiTableCell-root"
            >
              10/1/2024, 3:00:00 AM
            </td>
          </tr>
          <tr
            class="MuiTableRow-root css-1acr16c-MuiTableRow-root"
          >
            <td
              class="MuiTableCell-root MuiTableCell-body MuiTableCell-sizeMedium css-10ukr6t-MuiTableCell-root"
            >
              Ethereum
            </td>
            <td
              class="MuiTableCell-root MuiTableCell-body MuiTableCell-sizeMedium css-10ukr6t-MuiTableCell-root"
            >
              5
            </td>
            <td
              class="MuiTableCell-root MuiTableCell-body MuiTableCell-sizeMedium css-10ukr6t-MuiTableCell-root"
            >
              <p
                class="MuiTypography-root MuiTypography-body1 css-394iic-MuiTypography-root"
              >
                Sell
              </p>
            </td>
            <td
              class="MuiTableCell-root MuiTableCell-body MuiTableCell-sizeMedium css-10ukr6t-MuiTableCell-root"
            >
              $3000.00
            </td>
            <td
              class="MuiTableCell-root MuiTableCell-body MuiTableCell-sizeMedium css-10ukr6t-MuiTableCell-root"
            >
              N/A
            </td>
            <td
              class="MuiTableCell-root MuiTableCell-body MuiTableCell-sizeMedium css-10ukr6t-MuiTableCell-root"
            >
              10/2/2024, 3:00:00 AM
            </td>
          </tr>
        </tbody>
      </table>
    </div>
  </div>
</DocumentFragment>
`;

exports[`TransactionHistory Component Snapshot Test renders correctly without transactions 1`] = `
<DocumentFragment>
  <div
    class="MuiBox-root css-wm8cac"
  >
    <h5
      class="MuiTypography-root MuiTypography-h5 css-1ffs2s2-MuiTypography-root"
    >
      Transaction History
    </h5>
    <p
      class="MuiTypography-root MuiTypography-body1 css-1vfzsi2-MuiTypography-root"
    >
      No transactions found
    </p>
  </div>
</DocumentFragment>
`;
